Copyright 1986-2022 Xilinx, Inc. All Rights Reserved. Copyright 2022-2025 Advanced Micro Devices, Inc. All Rights Reserved.
--------------------------------------------------------------------------------------------------------------------------------------------------
| Tool Version      : Vivado v.2025.2 (lin64) Build 6299465 Fri Nov 14 12:34:56 MST 2025
| Date              : Mon Aug 24 16:45:13 2026
| Host              : jotshawlinux-Legion running 64-bit Ubuntu 24.04.4 LTS
| Command           : report_timing_summary -file /home/jotshawlinux/Downloads/frontier-inference-zcu104/rtl/v1/synth_ooc/timing_summary.rpt
| Design            : lifecycle_guard_top
| Device            : xczu7ev-ffvc1156
| Speed File        : -2  PRODUCTION 1.30 05-15-2022
| Design State      : Synthesized
| Temperature Grade : E
--------------------------------------------------------------------------------------------------------------------------------------------------

Timing Summary Report

------------------------------------------------------------------------------------------------
| Timer Settings
| --------------
------------------------------------------------------------------------------------------------

  Enable Multi Corner Analysis               :  Yes
  Enable Pessimism Removal                   :  Yes
  Pessimism Removal Resolution               :  Nearest Common Node
  Enable Input Delay Default Clock           :  No
  Enable Preset / Clear Arcs                 :  No
  Disable Flight Delays                      :  No
  Ignore I/O Paths                           :  No
  Timing Early Launch at Borrowing Latches   :  No
  Borrow Time for Max Delay Exceptions       :  Yes
  Merge Timing Exceptions                    :  Yes
  Inter-SLR Compensation                     :  Conservative

  Corner  Analyze    Analyze    
  Name    Max Paths  Min Paths  
  ------  ---------  ---------  
  Slow    Yes        Yes        
  Fast    Yes        Yes        


------------------------------------------------------------------------------------------------
| Report Methodology
| ------------------
------------------------------------------------------------------------------------------------

No report available as report_methodology has not been run prior. Run report_methodology on the current design for the summary of methodology violations.



check_timing report

Table of Contents
-----------------
1. checking no_clock (0)
2. checking constant_clock (0)
3. checking pulse_width_clock (0)
4. checking unconstrained_internal_endpoints (0)
5. checking no_input_delay (0)
6. checking no_output_delay (0)
7. checking multiple_clock (0)
8. checking generated_clocks (0)
9. checking loops (0)
10. checking partial_input_delay (0)
11. checking partial_output_delay (0)
12. checking latch_loops (0)

1. checking no_clock (0)
------------------------
 There are 0 register/latch pins with no clock.


2. checking constant_clock (0)
------------------------------
 There are 0 register/latch pins with constant_clock.


3. checking pulse_width_clock (0)
---------------------------------
 There are 0 register/latch pins which need pulse_width check


4. checking unconstrained_internal_endpoints (0)
------------------------------------------------
 There are 0 pins that are not constrained for maximum delay.

 There are 0 pins that are not constrained for maximum delay due to constant clock.


5. checking no_input_delay (0)
------------------------------
 There are 0 input ports with no input delay specified.

 There are 0 input ports with no input delay but user has a false path constraint.


6. checking no_output_delay (0)
-------------------------------
 There are 0 ports with no output delay specified.

 There are 0 ports with no output delay but user has a false path constraint

 There are 0 ports with no output delay but with a timing clock defined on it or propagating through it


7. checking multiple_clock (0)
------------------------------
 There are 0 register/latch pins with multiple clocks.


8. checking generated_clocks (0)
--------------------------------
 There are 0 generated clocks that are not connected to a clock source.


9. checking loops (0)
---------------------
 There are 0 combinational loops in the design.


10. checking partial_input_delay (0)
------------------------------------
 There are 0 input ports with partial input delay specified.


11. checking partial_output_delay (0)
-------------------------------------
 There are 0 ports with partial output delay specified.


12. checking latch_loops (0)
----------------------------
 There are 0 combinational latch loops in the design through latch input



------------------------------------------------------------------------------------------------
| Design Timing Summary
| ---------------------
------------------------------------------------------------------------------------------------

    WNS(ns)      TNS(ns)  TNS Failing Endpoints  TNS Total Endpoints      WHS(ns)      THS(ns)  THS Failing Endpoints  THS Total Endpoints     WPWS(ns)     TPWS(ns)  TPWS Failing Endpoints  TPWS Total Endpoints  
    -------      -------  ---------------------  -------------------      -------      -------  ---------------------  -------------------     --------     --------  ----------------------  --------------------  
      1.358        0.000                      0                18792        0.039        0.000                      0                18792        1.968        0.000                       0                  6074  


All user specified timing constraints are met.


------------------------------------------------------------------------------------------------
| Clock Summary
| -------------
------------------------------------------------------------------------------------------------

Clock  Waveform(ns)         Period(ns)      Frequency(MHz)
-----  ------------         ----------      --------------
clk    {0.000 2.500}        5.000           200.000         


------------------------------------------------------------------------------------------------
| Intra Clock Table
| -----------------
------------------------------------------------------------------------------------------------

Clock             WNS(ns)      TNS(ns)  TNS Failing Endpoints  TNS Total Endpoints      WHS(ns)      THS(ns)  THS Failing Endpoints  THS Total Endpoints     WPWS(ns)     TPWS(ns)  TPWS Failing Endpoints  TPWS Total Endpoints  
-----             -------      -------  ---------------------  -------------------      -------      -------  ---------------------  -------------------     --------     --------  ----------------------  --------------------  
clk                 1.358        0.000                      0                15258        0.039        0.000                      0                15258        1.968        0.000                       0                  6074  


------------------------------------------------------------------------------------------------
| Inter Clock Table
| -----------------
------------------------------------------------------------------------------------------------

From Clock    To Clock          WNS(ns)      TNS(ns)  TNS Failing Endpoints  TNS Total Endpoints      WHS(ns)      THS(ns)  THS Failing Endpoints  THS Total Endpoints  
----------    --------          -------      -------  ---------------------  -------------------      -------      -------  ---------------------  -------------------  


------------------------------------------------------------------------------------------------
| Other Path Groups Table
| -----------------------
------------------------------------------------------------------------------------------------

Path Group         From Clock         To Clock               WNS(ns)      TNS(ns)  TNS Failing Endpoints  TNS Total Endpoints      WHS(ns)      THS(ns)  THS Failing Endpoints  THS Total Endpoints  
----------         ----------         --------               -------      -------  ---------------------  -------------------      -------      -------  ---------------------  -------------------  
**async_default**  clk                clk                      3.519        0.000                      0                 3534        0.291        0.000                      0                 3534  


------------------------------------------------------------------------------------------------
| Timing Details
| --------------
------------------------------------------------------------------------------------------------


---------------------------------------------------------------------------------------------------
From Clock:  clk
  To Clock:  clk

Setup :            0  Failing Endpoints,  Worst Slack        1.358ns,  Total Violation        0.000ns
Hold  :            0  Failing Endpoints,  Worst Slack        0.039ns,  Total Violation        0.000ns
PW    :            0  Failing Endpoints,  Worst Slack        1.968ns,  Total Violation        0.000ns
---------------------------------------------------------------------------------------------------


Max Delay Paths
--------------------------------------------------------------------------------------
Slack (MET) :             1.358ns  (required time - arrival time)
  Source:                 u_req_fifo/rptr_reg[1]/C
                            (rising edge-triggered cell FDRE clocked by clk  {rise@0.000ns fall@2.500ns period=5.000ns})
  Destination:            u_rdm/o_cnt_align_refused_reg[0]/CE
                            (rising edge-triggered cell FDRE clocked by clk  {rise@0.000ns fall@2.500ns period=5.000ns})
  Path Group:             clk
  Path Type:              Setup (Max at Slow Process Corner)
  Requirement:            5.000ns  (clk rise@5.000ns - clk rise@0.000ns)
  Data Path Delay:        3.537ns  (logic 1.223ns (34.577%)  route 2.314ns (65.423%))
  Logic Levels:           15  (CARRY8=5 LUT2=1 LUT3=2 LUT4=2 LUT5=1 LUT6=3 RAMD32=1)
  Clock Path Skew:        -0.009ns (DCD - SCD + CPR)
    Destination Clock Delay (DCD):    0.021ns = ( 5.021 - 5.000 ) 
    Source Clock Delay      (SCD):    0.030ns
    Clock Pessimism Removal (CPR):    0.000ns
  Clock Uncertainty:      0.035ns  ((TSJ^2 + TIJ^2)^1/2 + DJ) / 2 + PE
    Total System Jitter     (TSJ):    0.071ns
    Total Input Jitter      (TIJ):    0.000ns
    Discrete Jitter          (DJ):    0.000ns
    Phase Error              (PE):    0.000ns

    Location             Delay type                Incr(ns)  Path(ns)    Netlist Resource(s)
  -------------------------------------------------------------------    -------------------
                         (clock clk rise edge)        0.000     0.000 r  
                                                      0.000     0.000 r  clk (IN)
                         net (fo=6073, unset)         0.030     0.030    u_req_fifo/clk
                         FDRE                                         r  u_req_fifo/rptr_reg[1]/C
  -------------------------------------------------------------------    -------------------
                         FDRE (Prop_FDRE_C_Q)         0.077     0.107 r  u_req_fifo/rptr_reg[1]/Q
                         net (fo=118, unplaced)       0.238     0.345    u_req_fifo/mem_reg_0_7_70_83/ADDRE1
                         RAMD32 (Prop_RAMD32_RADR1_O)
                                                      0.139     0.484 r  u_req_fifo/mem_reg_0_7_70_83/RAME/O
                         net (fo=4, unplaced)         0.119     0.603    u_req_fifo/clk_0[75]
                         LUT6 (Prop_LUT6_I0_O)        0.150     0.753 r  u_req_fifo/o_p_boundary_refused_i_19/O
                         net (fo=6, unplaced)         0.208     0.961    u_req_fifo/o_p_boundary_refused_i_19_n_0
                         LUT4 (Prop_LUT4_I2_O)        0.037     0.998 r  u_req_fifo/o_cnt_window_refused[15]_i_95/O
                         net (fo=1, unplaced)         0.023     1.021    u_req_fifo/o_cnt_window_refused[15]_i_95_n_0
                         CARRY8 (Prop_CARRY8_S[1]_CO[7])
                                                      0.197     1.218 r  u_req_fifo/o_cnt_window_refused_reg[15]_i_94/CO[7]
                         net (fo=1, unplaced)         0.005     1.223    u_req_fifo/o_cnt_window_refused_reg[15]_i_94_n_0
                         CARRY8 (Prop_CARRY8_CI_CO[7])
                                                      0.022     1.245 r  u_req_fifo/o_cnt_window_refused_reg[15]_i_93/CO[7]
                         net (fo=1, unplaced)         0.005     1.250    u_req_fifo/o_cnt_window_refused_reg[15]_i_93_n_0
                         CARRY8 (Prop_CARRY8_CI_CO[7])
                                                      0.022     1.272 r  u_req_fifo/o_cnt_window_refused_reg[15]_i_60/CO[7]
                         net (fo=1, unplaced)         0.005     1.277    u_req_fifo/o_cnt_window_refused_reg[15]_i_60_n_0
                         CARRY8 (Prop_CARRY8_CI_O[1])
                                                      0.076     1.353 r  u_req_fifo/o_cnt_window_refused_reg[15]_i_21/O[1]
                         net (fo=2, unplaced)         0.184     1.537    u_regs/O[1]
                         LUT4 (Prop_LUT4_I3_O)        0.068     1.605 f  u_regs/o_cnt_window_refused[15]_i_18/O
                         net (fo=1, unplaced)         0.245     1.850    u_regs/o_cnt_window_refused[15]_i_18_n_0
                         CARRY8 (Prop_CARRY8_DI[2]_CO[4])
                                                      0.160     2.010 f  u_regs/o_cnt_window_refused_reg[15]_i_6/CO[4]
                         net (fo=1, unplaced)         0.134     2.144    u_regs/u_rdm/g_window0
                         LUT3 (Prop_LUT3_I1_O)        0.053     2.197 r  u_regs/o_cnt_window_refused[15]_i_3/O
                         net (fo=3, unplaced)         0.192     2.389    u_req_fifo/o_cnt_tag_conflict_reg[0]_0
                         LUT5 (Prop_LUT5_I4_O)        0.038     2.427 r  u_req_fifo/o_p_tag_conflict_i_2/O
                         net (fo=2, unplaced)         0.186     2.613    u_req_fifo/o_p_tag_conflict_i_2_n_0
                         LUT3 (Prop_LUT3_I1_O)        0.038     2.651 f  u_req_fifo/issue_desc[transaction_tag][3]_i_3/O
                         net (fo=2, unplaced)         0.186     2.837    u_req_fifo/issue_desc[transaction_tag][3]_i_3_n_0
                         LUT6 (Prop_LUT6_I3_O)        0.038     2.875 f  u_req_fifo/o_cnt_window_refused[15]_i_4/O
                         net (fo=4, unplaced)         0.198     3.073    u_regs/o_cnt_window_refused_reg[0]
                         LUT2 (Prop_LUT2_I1_O)        0.070     3.143 r  u_regs/o_p_boundary_refused_i_2/O
                         net (fo=2, unplaced)         0.186     3.329    u_req_fifo/o_cnt_align_refused_reg[0]
                         LUT6 (Prop_LUT6_I0_O)        0.038     3.367 r  u_req_fifo/o_p_align_refused_i_1/O
                         net (fo=33, unplaced)        0.200     3.567    u_rdm/o_cnt_align_refused_reg[0]_0
                         FDRE                                         r  u_rdm/o_cnt_align_refused_reg[0]/CE
  -------------------------------------------------------------------    -------------------

                         (clock clk rise edge)        5.000     5.000 r  
                                                      0.000     5.000 r  clk (IN)
                         net (fo=6073, unset)         0.021     5.021    u_rdm/clk
                         FDRE                                         r  u_rdm/o_cnt_align_refused_reg[0]/C
                         clock pessimism              0.000     5.021    
                         clock uncertainty           -0.035     4.986    
                         FDRE (Setup_FDRE_C_CE)      -0.061     4.925    u_rdm/o_cnt_align_refused_reg[0]
  -------------------------------------------------------------------
                         required time                          4.925    
                         arrival time                          -3.567    
  -------------------------------------------------------------------
                         slack                                  1.358    





Min Delay Paths
--------------------------------------------------------------------------------------
Slack (MET) :             0.039ns  (arrival time - required time)
  Source:                 u_evt_fifo/wptr_reg[2]/C
                            (rising edge-triggered cell FDRE clocked by clk  {rise@0.000ns fall@2.500ns period=5.000ns})
  Destination:            u_evt_fifo/mem_reg_0_15_0_13/RAMA/WADR2
                            (rising edge-triggered cell RAMD32 clocked by clk  {rise@0.000ns fall@2.500ns period=5.000ns})
  Path Group:             clk
  Path Type:              Hold (Min at Fast Process Corner)
  Requirement:            0.000ns  (clk rise@0.000ns - clk rise@0.000ns)
  Data Path Delay:        0.127ns  (logic 0.038ns (29.921%)  route 0.089ns (70.079%))
  Logic Levels:           0  
  Clock Path Skew:        0.026ns (DCD - SCD - CPR)
    Destination Clock Delay (DCD):    0.039ns
    Source Clock Delay      (SCD):    0.013ns
    Clock Pessimism Removal (CPR):    -0.000ns

    Location             Delay type                Incr(ns)  Path(ns)    Netlist Resource(s)
  -------------------------------------------------------------------    -------------------
                         (clock clk rise edge)        0.000     0.000 r  
                                                      0.000     0.000 r  clk (IN)
                         net (fo=6073, unset)         0.013     0.013    u_evt_fifo/clk
                         FDRE                                         r  u_evt_fifo/wptr_reg[2]/C
  -------------------------------------------------------------------    -------------------
                         FDRE (Prop_FDRE_C_Q)         0.038     0.051 r  u_evt_fifo/wptr_reg[2]/Q
                         net (fo=84, unplaced)        0.089     0.140    u_evt_fifo/mem_reg_0_15_0_13/ADDRH2
                         RAMD32                                       r  u_evt_fifo/mem_reg_0_15_0_13/RAMA/WADR2
  -------------------------------------------------------------------    -------------------

                         (clock clk rise edge)        0.000     0.000 r  
                                                      0.000     0.000 r  clk (IN)
                         net (fo=6073, unset)         0.039     0.039    u_evt_fifo/mem_reg_0_15_0_13/WCLK
                         RAMD32                                       r  u_evt_fifo/mem_reg_0_15_0_13/RAMA/CLK
                         clock pessimism              0.000     0.039    
                         RAMD32 (Hold_RAMD32_CLK_WADR2)
                                                      0.062     0.101    u_evt_fifo/mem_reg_0_15_0_13/RAMA
  -------------------------------------------------------------------
                         required time                         -0.101    
                         arrival time                           0.140    
  -------------------------------------------------------------------
                         slack                                  0.039    





Pulse Width Checks
--------------------------------------------------------------------------------------
Clock Name:         clk
Waveform(ns):       { 0.000 2.500 }
Period(ns):         5.000
Sources:            { clk }

Check Type        Corner  Lib Pin     Reference Pin  Required(ns)  Actual(ns)  Slack(ns)  Location  Pin
Min Period        n/a     RAMD32/CLK  n/a            1.064         5.000       3.936                u_evt_fifo/mem_reg_0_15_0_13/RAMA/CLK
Low Pulse Width   Slow    RAMD32/CLK  n/a            0.532         2.500       1.968                u_evt_fifo/mem_reg_0_15_0_13/RAMA/CLK
High Pulse Width  Slow    RAMD32/CLK  n/a            0.532         2.500       1.968                u_evt_fifo/mem_reg_0_15_0_13/RAMA/CLK



---------------------------------------------------------------------------------------------------
Path Group:  **async_default**
From Clock:  clk
  To Clock:  clk

Setup :            0  Failing Endpoints,  Worst Slack        3.519ns,  Total Violation        0.000ns
Hold  :            0  Failing Endpoints,  Worst Slack        0.291ns,  Total Violation        0.000ns
---------------------------------------------------------------------------------------------------


Max Delay Paths
--------------------------------------------------------------------------------------
Slack (MET) :             3.519ns  (required time - arrival time)
  Source:                 rst_n
                            (input port clocked by clk  {rise@0.000ns fall@2.500ns period=5.000ns})
  Destination:            u_lut/o_cnt_refused_reg[0]/CLR
                            (recovery check against rising-edge clock clk  {rise@0.000ns fall@2.500ns period=5.000ns})
  Path Group:             **async_default**
  Path Type:              Recovery (Max at Slow Process Corner)
  Requirement:            5.000ns  (clk rise@5.000ns - clk rise@0.000ns)
  Data Path Delay:        0.401ns  (logic 0.038ns (9.476%)  route 0.363ns (90.524%))
  Logic Levels:           1  (LUT6=1)
  Input Delay:            1.000ns
  Clock Path Skew:        0.021ns (DCD - SCD + CPR)
    Destination Clock Delay (DCD):    0.021ns = ( 5.021 - 5.000 ) 
    Source Clock Delay      (SCD):    0.000ns
    Clock Pessimism Removal (CPR):    0.000ns
  Clock Uncertainty:      0.035ns  ((TSJ^2 + TIJ^2)^1/2 + DJ) / 2 + PE
    Total System Jitter     (TSJ):    0.071ns
    Total Input Jitter      (TIJ):    0.000ns
    Discrete Jitter          (DJ):    0.000ns
    Phase Error              (PE):    0.000ns

    Location             Delay type                Incr(ns)  Path(ns)    Netlist Resource(s)
  -------------------------------------------------------------------    -------------------
                         (clock clk rise edge)        0.000     0.000 r  
                         input delay                  1.000     1.000    
                                                      0.000     1.000 r  rst_n (IN)
                         net (fo=14, unset)           0.000     1.000    u_lut/rst_n
                         LUT6 (Prop_LUT6_I5_O)        0.038     1.038 f  u_lut/issue_desc[transaction_tag][3]_i_1/O
                         net (fo=5735, unplaced)      0.363     1.401    u_lut/srst_cnt_reg[3]
                         FDCE                                         f  u_lut/o_cnt_refused_reg[0]/CLR
  -------------------------------------------------------------------    -------------------

                         (clock clk rise edge)        5.000     5.000 r  
                                                      0.000     5.000 r  clk (IN)
                         net (fo=6073, unset)         0.021     5.021    u_lut/clk
                         FDCE                                         r  u_lut/o_cnt_refused_reg[0]/C
                         clock pessimism              0.000     5.021    
                         clock uncertainty           -0.035     4.986    
                         FDCE (Recov_FDCE_C_CLR)     -0.066     4.920    u_lut/o_cnt_refused_reg[0]
  -------------------------------------------------------------------
                         required time                          4.920    
                         arrival time                          -1.401    
  -------------------------------------------------------------------
                         slack                                  3.519    





Min Delay Paths
--------------------------------------------------------------------------------------
Slack (MET) :             0.291ns  (arrival time - required time)
  Source:                 srst_cnt_reg[4]/C
                            (rising edge-triggered cell FDRE clocked by clk  {rise@0.000ns fall@2.500ns period=5.000ns})
  Destination:            u_lut/o_cnt_refused_reg[0]/CLR
                            (removal check against rising-edge clock clk  {rise@0.000ns fall@2.500ns period=5.000ns})
  Path Group:             **async_default**
  Path Type:              Removal (Min at Fast Process Corner)
  Requirement:            0.000ns  (clk rise@0.000ns - clk rise@0.000ns)
  Data Path Delay:        0.277ns  (logic 0.061ns (22.022%)  route 0.216ns (77.978%))
  Logic Levels:           1  (LUT6=1)
  Clock Path Skew:        0.006ns (DCD - SCD - CPR)
    Destination Clock Delay (DCD):    0.019ns
    Source Clock Delay      (SCD):    0.013ns
    Clock Pessimism Removal (CPR):    -0.000ns

    Location             Delay type                Incr(ns)  Path(ns)    Netlist Resource(s)
  -------------------------------------------------------------------    -------------------
                         (clock clk rise edge)        0.000     0.000 r  
                                                      0.000     0.000 r  clk (IN)
                         net (fo=6073, unset)         0.013     0.013    clk
                         FDRE                                         r  srst_cnt_reg[4]/C
  -------------------------------------------------------------------    -------------------
                         FDRE (Prop_FDRE_C_Q)         0.038     0.051 f  srst_cnt_reg[4]/Q
                         net (fo=3, unplaced)         0.050     0.101    u_lut/srst_cnt[4]
                         LUT6 (Prop_LUT6_I4_O)        0.023     0.124 f  u_lut/issue_desc[transaction_tag][3]_i_1/O
                         net (fo=5735, unplaced)      0.166     0.290    u_lut/srst_cnt_reg[3]
                         FDCE                                         f  u_lut/o_cnt_refused_reg[0]/CLR
  -------------------------------------------------------------------    -------------------

                         (clock clk rise edge)        0.000     0.000 r  
                                                      0.000     0.000 r  clk (IN)
                         net (fo=6073, unset)         0.019     0.019    u_lut/clk
                         FDCE                                         r  u_lut/o_cnt_refused_reg[0]/C
                         clock pessimism              0.000     0.019    
                         FDCE (Remov_FDCE_C_CLR)     -0.020    -0.001    u_lut/o_cnt_refused_reg[0]
  -------------------------------------------------------------------
                         required time                          0.001    
                         arrival time                           0.290    
  -------------------------------------------------------------------
                         slack                                  0.291    





